// Jest Snapshot v1, https://goo.gl/fbAQLP

exports[`Icon 是一个svg图标 1`] = `
<svg
  className="dui-icon"
>
  <use
    xlinkHref="#alipay"
  />
</svg>
`;
 