// Jest Snapshot v1, https://goo.gl/fbAQLP

exports[`button 是个button 1`] = `
<button
  className="dui-button dui-button-default"
/>
`;
